
Booting Linux on physical CPU 0x0
Linux version 4.9.87-linux4sam_5.8 (oe-user@oe-host) (gcc version 7.3.0 (GCC) )                                                                                         #1 Wed Mar 28 14:06:52 CEST 2018
CPU: ARMv7 Processor [410fc051] revision 1 (ARMv7), cr=10c53c7d
CPU: PIPT / VIPT nonaliasing data cache, VIPT aliasing instruction cache
OF: fdt:Machine model: Atmel SAMA5D2 Xplained
cma: Reserved 16 MiB at 0x3e800000
Memory policy: Data cache writeback
CPU: All CPU(s) started in SVC mode.
Built 1 zonelists in Zone order, mobility grouping on.  Total pages: 129920
Kernel command line: console=ttyS0,115200 root=/dev/mmcblk0p1 rw rootfstype=ext4                                                                                         rootwait atmel.pm_modes=standby,ulp1
PID hash table entries: 2048 (order: 1, 8192 bytes)
Dentry cache hash table entries: 65536 (order: 6, 262144 bytes)
Inode-cache hash table entries: 32768 (order: 5, 131072 bytes)
Memory: 493028K/524288K available (6144K kernel code, 197K rwdata, 976K rodata,                                                                                         1024K init, 195K bss, 14876K reserved, 16384K cma-reserved)
Virtual kernel memory layout:
    vector  : 0xffff0000 - 0xffff1000   (   4 kB)
    fixmap  : 0xffc00000 - 0xfff00000   (3072 kB)
    vmalloc : 0xe0800000 - 0xff800000   ( 496 MB)
    lowmem  : 0xc0000000 - 0xe0000000   ( 512 MB)
    modules : 0xbf000000 - 0xc0000000   (  16 MB)
      .text : 0xc0008000 - 0xc0700000   (7136 kB)
      .init : 0xc0900000 - 0xc0a00000   (1024 kB)
      .data : 0xc0a00000 - 0xc0a31680   ( 198 kB)
       .bss : 0xc0a31680 - 0xc0a62478   ( 196 kB)
NR_IRQS:16 nr_irqs:16 16
L2C-310 ID prefetch enabled, offset 2 lines
L2C-310 dynamic clock gating enabled, standby mode enabled
L2C-310 cache controller enabled, 8 ways, 128 kB
L2C-310: CACHE_ID 0x410000c9, AUX_CTRL 0x36020000
clocksource: pit: mask: 0x7ffffff max_cycles: 0x7ffffff, max_idle_ns: 1151361706                                                                                        2 ns
sched_clock: 32 bits at 100 Hz, resolution 10000000ns, wraps every 2147483647500                                                                                        0000ns
Console: colour dummy device 80x30
Calibrating delay loop... 329.31 BogoMIPS (lpj=1646592)
pid_max: default: 32768 minimum: 301
Mount-cache hash table entries: 1024 (order: 0, 4096 bytes)
Mountpoint-cache hash table entries: 1024 (order: 0, 4096 bytes)
CPU: Testing write buffer coherency: ok
Setting up static identity map for 0x20100000 - 0x20100058
devtmpfs: initialized
VFP support v0.3: implementor 41 architecture 2 part 30 variant 5 rev 1
clocksource: jiffies: mask: 0xffffffff max_cycles: 0xffffffff, max_idle_ns: 1911                                                                                        2604462750000 ns
futex hash table entries: 256 (order: -1, 3072 bytes)
pinctrl core: initialized pinctrl subsystem
NET: Registered protocol family 16
DMA: preallocated 256 KiB pool for atomic coherent allocations
cpuidle: using governor menu
AT91: PM: standby: standby, suspend: ulp1
clocksource: tcb_clksrc: mask: 0xffffffff max_cycles: 0xffffffff, max_idle_ns: 1                                                                                        84217874325 ns
at_xdmac f0010000.dma-controller: 16 channels, mapped at 0xe0841000
at_xdmac f0004000.dma-controller: 16 channels, mapped at 0xe0843000
AT91: Detected SoC family: sama5d2
AT91: Detected SoC: sama5d27, revision 1
SCSI subsystem initialized
usbcore: registered new interface driver usbfs
usbcore: registered new interface driver hub
usbcore: registered new device driver usb
at91_i2c f8028000.i2c: could not find pctldev for node /ahb/apb/pinctrl@fc038000                                                                                        /i2c0_default, deferring probe
at91_i2c fc028000.i2c: could not find pctldev for node /ahb/apb/pinctrl@fc038000                                                                                        /i2c1_default, deferring probe
media: Linux media interface: v0.10
Linux video capture interface: v2.00
Advanced Linux Sound Architecture Driver Initialized.
clocksource: Switched to clocksource tcb_clksrc
NET: Registered protocol family 2
TCP established hash table entries: 4096 (order: 2, 16384 bytes)
TCP bind hash table entries: 4096 (order: 2, 16384 bytes)
TCP: Hash tables configured (established 4096 bind 4096)
UDP hash table entries: 256 (order: 0, 4096 bytes)
UDP-Lite hash table entries: 256 (order: 0, 4096 bytes)
NET: Registered protocol family 1
RPC: Registered named UNIX socket transport module.
RPC: Registered udp transport module.
RPC: Registered tcp transport module.
RPC: Registered tcp NFSv4.1 backchannel transport module.
workingset: timestamp_bits=14 max_order=17 bucket_order=3
io scheduler noop registered (default)
pinctrl-at91-pio4 fc038000.pinctrl: atmel pinctrl initialized
f8020000.serial: ttyS0 at MMIO 0xf8020000 (irq = 35, base_baud = 5187500) is a A                                                                                        TMEL_SERIAL
console [ttyS0] enabled
[drm] Initialized
brd: module loaded
loop: module loaded
at91_i2c fc018600.i2c: can't get DMA channel, continue without DMA support
at91_i2c fc018600.i2c: Using FIFO (16 data)
at91_i2c fc018600.i2c: AT91 i2c bus driver (hw version: 0x704).
atmel_spi f8000000.spi: DMA TX channel not available, SPI unable to use DMA
atmel_spi f8000000.spi: Atmel SPI Controller using PIO only
atmel_spi f8000000.spi: Using FIFO (16 data)
m25p80 spi32766.0: at25df321a (4096 Kbytes)
atmel_spi f8000000.spi: Atmel SPI Controller version 0x311 at 0xf8000000 (irq 29                                                                                        )
libphy: Fixed MDIO Bus: probed
CAN device driver interface
m_can f8054000.can: m_can device registered (irq=38, version=31)
m_can fc050000.can: m_can device registered (irq=49, version=31)
libphy: MACB_mii_bus: probed
Micrel KSZ8081 or KSZ8091 f8008000.ethernet-ffffffff:01: attached PHY driver [Mi                                                                                        crel KSZ8081 or KSZ8091] (mii_bus:phy_addr=f8008000.ethernet-ffffffff:01, irq=12                                                                                        4)
macb f8008000.ethernet eth0: Cadence GEM rev 0x00020203 at 0xf8008000 irq 30 (fc                                                                                        :c2:3d:12:1d:c5)
ehci_hcd: USB 2.0 'Enhanced' Host Controller (EHCI) Driver
ehci-atmel: EHCI Atmel driver
atmel-ehci 500000.ehci: EHCI Host Controller
atmel-ehci 500000.ehci: new USB bus registered, assigned bus number 1
atmel-ehci 500000.ehci: irq 19, io mem 0x00500000
atmel-ehci 500000.ehci: USB 2.0 started, EHCI 1.00
usb usb1: New USB device found, idVendor=1d6b, idProduct=0002
usb usb1: New USB device strings: Mfr=3, Product=2, SerialNumber=1
usb usb1: Product: EHCI Host Controller
usb usb1: Manufacturer: Linux 4.9.87-linux4sam_5.8 ehci_hcd
usb usb1: SerialNumber: 500000.ehci
hub 1-0:1.0: USB hub found
hub 1-0:1.0: 3 ports detected
ohci_hcd: USB 1.1 'Open' Host Controller (OHCI) Driver
ohci-atmel: OHCI Atmel driver
at91_ohci 400000.ohci: USB Host Controller
at91_ohci 400000.ohci: new USB bus registered, assigned bus number 2
at91_ohci 400000.ohci: irq 19, io mem 0x00400000
usb usb2: New USB device found, idVendor=1d6b, idProduct=0001
usb usb2: New USB device strings: Mfr=3, Product=2, SerialNumber=1
usb usb2: Product: USB Host Controller
usb usb2: Manufacturer: Linux 4.9.87-linux4sam_5.8 ohci_hcd
usb usb2: SerialNumber: at91
hub 2-0:1.0: USB hub found
hub 2-0:1.0: 3 ports detected
usbcore: registered new interface driver usb-storage
rtc rtc0: alarm rollover not handled
rtc rtc0: invalid alarm value: 1900-1-1 0:0:0
at91_rtc f80480b0.rtc: rtc core: registered f80480b0.rtc as rtc0
at91_rtc f80480b0.rtc: AT91 Real Time Clock driver.
i2c /dev entries driver
AT91: Starting after wakeup
sama5d4_wdt f8048040.watchdog: initialized (timeout = 16 sec, nowayout = 0)
sdhci: Secure Digital Host Controller Interface driver
sdhci: Copyright(c) Pierre Ossman
sdhci-pltfm: SDHCI platform and OF driver helper
sdhci-at91 a0000000.sdio-host: update clk mul to 39 as gck rate is 480000000 Hz
mmc0: SDHCI controller on a0000000.sdio-host [a0000000.sdio-host] using ADMA
sdhci-at91 b0000000.sdio-host: update clk mul to 39 as gck rate is 480000000 Hz
mmc1: SDHCI controller on b0000000.sdio-host [b0000000.sdio-host] using ADMA
ledtrig-cpu: registered to indicate activity on CPUs
atmel_aes f002c000.aes: version: 0x500
atmel_aes f002c000.aes: Atmel AES - Using dma0chan0, dma0chan1 for DMA transfers
atmel_sha f0028000.sha: version: 0x510
atmel_sha f0028000.sha: using dma0chan2 for DMA transfers
usb 1-2: new high-speed USB device number 2 using atmel-ehci
atmel_sha f0028000.sha: Atmel SHA1/SHA256/SHA224/SHA384/SHA512
atmel_tdes fc044000.tdes: version: 0x703
atmel_tdes fc044000.tdes: using dma0chan3, dma0chan4 for DMA transfers
mmc0: new DDR MMC card at address 0001
mmcblk0: mmc0:0001 MMC04G 3.66 GiB
mmcblk0boot0: mmc0:0001 MMC04G partition 1 1.00 MiB
atmel_tdes fc044000.tdes: Atmel DES/TDES
mmcblk0boot1: mmc0:0001 MMC04G partition 2 1.00 MiB
mmcblk0rpmb: mmc0:0001 MMC04G partition 3 128 KiB
atmel-classd fc048000.classd: PWM modulation type is Differential, non-overlappi                                                                                        ng is enabled
atmel-classd fc048000.classd: atmel-classd-hifi <-> fc048000.classd mapping ok
 mmcblk0: p1
NET: Registered protocol family 10
sit: IPv6, IPv4 and MPLS over IPv4 tunneling driver
NET: Registered protocol family 17
can: controller area network core (rev 20120528 abi 9)
NET: Registered protocol family 29
can: raw protocol (rev 20120528)
can: broadcast manager protocol (rev 20161123 t)
can: netlink gateway (rev 20130117) max_hops=1
at91_i2c f8028000.i2c: can't get DMA channel, continue without DMA support
at91_i2c f8028000.i2c: Using FIFO (16 data)
random: fast init done
VDD_LED: Bringing 2500000uV into 3300000-3300000uV
act8945a-charger act8945a-charger: have been suspended
at91_i2c f8028000.i2c: AT91 i2c bus driver (hw version: 0x704).
at91_i2c fc028000.i2c: can't get DMA channel, continue without DMA support
at91_i2c fc028000.i2c: Using FIFO (16 data)
at24 2-0054: 256 byte 24c02 EEPROM, writable, 16 bytes/write
at91_i2c fc028000.i2c: AT91 i2c bus driver (hw version: 0x704).
at91-sama5d2_adc fc030000.adc: setting up trigger as external_rising
at91-sama5d2_adc fc030000.adc: version: 800
input: gpio_keys as /devices/platform/gpio_keys/input/input0
at91_rtc f80480b0.rtc: setting system clock to 2018-03-28 23:32:55 UTC (15222799                                                                                        75)
ALSA device list:
  #0: CLASSD
atmel_usart f8020000.serial: using dma0chan6 for rx DMA transfers
atmel_usart f8020000.serial: using dma0chan7 for tx DMA transfers
usb 1-2: config 1 has an invalid interface number: 255 but max is 2
usb 1-2: config 1 has no interface number 2
usb 1-2: New USB device found, idVendor=0bda, idProduct=49ff
usb 1-2: New USB device strings: Mfr=3, Product=1, SerialNumber=2
usb 1-2: Product: USB Audio
usb 1-2: Manufacturer: Generic
usb 1-2: SerialNumber: 201701110001
EXT4-fs (mmcblk0p1): recovery complete
EXT4-fs (mmcblk0p1): mounted filesystem with ordered data mode. Opts: (null)
VFS: Mounted root (ext4 filesystem) on device 179:1.
devtmpfs: mounted
Freeing unused kernel memory: 1024K
INIT: version 2.88 booting
/home/root/start.sh: line 1: echo: write error: No space left on device
Starting udev
/etc/rcS.d/S03systemd-udevd: line 76: /proc/sys/kernel/hotplug: No such file or                                                                                         directory
starting version 234
atmel_usba_udc 300000.gadget: MMIO registers at 0xfc02c000 mapped at e08fd000
atmel_usba_udc 300000.gadget: FIFO at 0x00300000 mapped at e0d00000
usbcore: registered new interface driver usbhid
usbhid: USB HID core driver
ov7670: probe of 2-0021 failed with error -121
input: Generic USB Audio as /devices/platform/ahb/500000.ehci/usb1/1-2/1-2:1.255                                                                                        /0003:0BDA:49FF.0001/input/input1
hid-generic 0003:0BDA:49FF.0001: input: USB HID v1.11 Device [Generic USB Audio]                                                                                         on usb-500000.ehci-2/input255
g_serial gadget: Gadget Serial v2.4
g_serial gadget: g_serial ready
EXT4-fs (mmcblk0p1): re-mounted. Opts: (null)
urandom start: failed.
INIT: Entering runlevel: 5
Configuring network interfaces... IPv6: ADDRCONF(NETDEV_UP): eth0: link is not r                                                                                        eady
udhcpc (v1.24.1) started
Sending discover...
Sending discover...
Sending discover...
No lease, forking to background
done.
Starting system message bus: dbus.
Starting OpenBSD Secure Shell server: sshd
done.
Starting rpcbind daemon...done.
starting statd: done
Starting atd: OK
Starting bluetooth: bluetoothd.
exportfs: can't open /etc/exports for reading
NFS daemon support not enabled in kernel
Starting system log daemon...0
Starting kernel log daemon...0
Starting crond: OK
